******************************************************************************
                  MSP430 Linker PC v4.3.5                      
******************************************************************************
>> Linked Wed Oct 28 15:18:05 2015

OUTPUT FILE NAME:   <fibre_sensor_test.out>
ENTRY POINT SYMBOL: "_c_int00"  address: 000082c8


MEMORY CONFIGURATION

         name            origin    length      used     unused   attr    fill
----------------------  --------  ---------  --------  --------  ----  --------
  SFR                   00000000   00000010  00000000  00000010  RWIX
  PERIPHERALS_8BIT      00000010   000000f0  00000000  000000f0  RWIX
  PERIPHERALS_16BIT     00000100   00000100  00000000  00000100  RWIX
  RAM                   00000200   00000400  00000052  000003ae  RWIX
  INFOD                 00001000   00000040  00000000  00000040  RWIX
  INFOC                 00001040   00000040  00000000  00000040  RWIX
  INFOB                 00001080   00000040  00000000  00000040  RWIX
  INFOA                 000010c0   00000040  00000000  00000040  RWIX
  FLASH                 00008000   00007fde  00000394  00007c4a  RWIX
  INT00                 0000ffe0   00000002  00000000  00000002  RWIX
  INT01                 0000ffe2   00000002  00000000  00000002  RWIX
  INT02                 0000ffe4   00000002  00000002  00000000  RWIX
  INT03                 0000ffe6   00000002  00000002  00000000  RWIX
  INT04                 0000ffe8   00000002  00000000  00000002  RWIX
  INT05                 0000ffea   00000002  00000002  00000000  RWIX
  INT06                 0000ffec   00000002  00000002  00000000  RWIX
  INT07                 0000ffee   00000002  00000002  00000000  RWIX
  INT08                 0000fff0   00000002  00000002  00000000  RWIX
  INT09                 0000fff2   00000002  00000002  00000000  RWIX
  INT10                 0000fff4   00000002  00000002  00000000  RWIX
  INT11                 0000fff6   00000002  00000000  00000002  RWIX
  INT12                 0000fff8   00000002  00000002  00000000  RWIX
  INT13                 0000fffa   00000002  00000002  00000000  RWIX
  INT14                 0000fffc   00000002  00000002  00000000  RWIX
  RESET                 0000fffe   00000002  00000002  00000000  RWIX


SECTION ALLOCATION MAP

 output                                  attributes/
section   page    origin      length       input sections
--------  ----  ----------  ----------   ----------------
.init_array 
*          0    00008000    00000000     UNINITIALIZED

.bss       0    00000200    00000002     UNINITIALIZED
                  00000200    00000002     (.common:V_fibre)

.TI.noinit 
*          0    00000200    00000000     UNINITIALIZED

.stack     0    000005b0    00000050     UNINITIALIZED
                  000005b0    00000002     rts430_eabi.lib : boot.obj (.stack)
                  000005b2    0000004e     --HOLE--

.text      0    00008000    00000380     
                  00008000    00000088     main.obj (.text:TXData)
                  00008088    0000005e     rts430_eabi.lib : autoinit.obj (.text:_auto_init)
                  000080e6    0000005e     main.obj (.text:main)
                  00008144    0000005c     rts430_eabi.lib : lsr32.obj (.text:l_lsr_const)
                  000081a0    00000058     main.obj (.text:ReadFibreSensor)
                  000081f8    00000032     main.obj (.text:ReadADC_1_5)
                  0000822a    00000030     main.obj (.text:USCI_A_Init)
                  0000825a    0000002c     main.obj (.text:delay)
                  00008286    00000026     rts430_eabi.lib : mult32.obj (.text)
                  000082ac    0000001c     main.obj (.text:TXString)
                  000082c8    0000001a     rts430_eabi.lib : boot.obj (.text:_c_int00_noexit)
                  000082e2    00000016                     : div16u.obj (.text)
                  000082f8    00000014     main.obj (.text:OA1_Config)
                  0000830c    00000014     rts430_eabi.lib : copy_zero_init.obj (.text:decompress:ZI:__TI_zero_init)
                  00008320    00000012     main.obj (.text:Set_TimerB)
                  00008332    00000012     rts430_eabi.lib : memcpy.obj (.text:memcpy)
                  00008344    00000010                     : epilog.obj (.text)
                  00008354    00000008     main.obj (.text:ADC10_ISR)
                  0000835c    00000008     main.obj (.text:Stop_OA1)
                  00008364    00000008     main.obj (.text:TimerB_ISR)
                  0000836c    00000006     main.obj (.text:Start_OA1_Slow)
                  00008372    00000006     rts430_eabi.lib : isr_trap.obj (.text:_isr:__TI_ISR_TRAP)
                  00008378    00000004                     : pre_init.obj (.text:_system_pre_init)
                  0000837c    00000004                     : exit.obj (.text:abort)

.const     0    00008380    0000000a     
                  00008380    00000005     main.obj (.const:.string:$P$T0$1)
                  00008385    00000001     --HOLE-- [fill = 0]
                  00008386    00000004     main.obj (.const:.string)

.cinit     0    0000838a    0000000a     
                  0000838a    00000004     (.cinit..bss.load) [load image, compression = zero_init]
                  0000838e    00000002     (__TI_handler_table)
                  00008390    00000004     (__TI_cinit_table)

PORT1      0    0000ffe4    00000002     
                  0000ffe4    00000002     rts430_eabi.lib : int02.obj (.int02)

PORT2      0    0000ffe6    00000002     
                  0000ffe6    00000002     rts430_eabi.lib : int03.obj (.int03)

ADC10      0    0000ffea    00000002     
                  0000ffea    00000002     main.obj (.int05)

USCIAB0TX 
*          0    0000ffec    00000002     
                  0000ffec    00000002     rts430_eabi.lib : int06.obj (.int06)

USCIAB0RX 
*          0    0000ffee    00000002     
                  0000ffee    00000002     rts430_eabi.lib : int07.obj (.int07)

TIMERA1    0    0000fff0    00000002     
                  0000fff0    00000002     rts430_eabi.lib : int08.obj (.int08)

TIMERA0    0    0000fff2    00000002     
                  0000fff2    00000002     rts430_eabi.lib : int09.obj (.int09)

WDT        0    0000fff4    00000002     
                  0000fff4    00000002     rts430_eabi.lib : int10.obj (.int10)

TIMERB1    0    0000fff8    00000002     
                  0000fff8    00000002     rts430_eabi.lib : int12.obj (.int12)

TIMERB0    0    0000fffa    00000002     
                  0000fffa    00000002     main.obj (.int13)

NMI        0    0000fffc    00000002     
                  0000fffc    00000002     rts430_eabi.lib : int14.obj (.int14)

.reset     0    0000fffe    00000002     
                  0000fffe    00000002     rts430_eabi.lib : boot.obj (.reset)


LINKER GENERATED COPY TABLES

__TI_cinit_table @ 00008390 records: 1, size/record: 4, table size: 4
	.bss: load addr=0000838a, load size=00000004 bytes, run addr=00000200, run size=00000002 bytes, compression=zero_init


LINKER GENERATED HANDLER TABLE

__TI_handler_table @ 0000838e records: 1, size/record: 2, table size: 2
	index: 0, handler: __TI_zero_init


GLOBAL SYMBOLS: SORTED ALPHABETICALLY BY Name 

address    name
--------   ----
0000004a   ADC10AE0
0000004b   ADC10AE1
000001b0   ADC10CTL0
000001b2   ADC10CTL1
00000048   ADC10DTC0
00000049   ADC10DTC1
000001b4   ADC10MEM
000001bc   ADC10SA
00008354   ADC10_ISR
00000057   BCSCTL1
00000058   BCSCTL2
00000053   BCSCTL3
0000837c   C$$EXIT
000010fb   CALBC1_12MHZ
000010f9   CALBC1_16MHZ
000010ff   CALBC1_1MHZ
000010fd   CALBC1_8MHZ
000010fa   CALDCO_12MHZ
000010f8   CALDCO_16MHZ
000010fe   CALDCO_1MHZ
000010fc   CALDCO_8MHZ
00000056   DCOCTL
00000128   FCTL1
0000012a   FCTL2
0000012c   FCTL3
00000000   IE1
00000001   IE2
00000002   IFG1
00000003   IFG2
000000c0   OA0CTL0
000000c1   OA0CTL1
000000c2   OA1CTL0
000000c3   OA1CTL1
000082f8   OA1_Config
00000022   P1DIR
00000025   P1IE
00000024   P1IES
00000023   P1IFG
00000020   P1IN
00000021   P1OUT
00000027   P1REN
00000026   P1SEL
0000002a   P2DIR
0000002d   P2IE
0000002c   P2IES
0000002b   P2IFG
00000028   P2IN
00000029   P2OUT
0000002f   P2REN
0000002e   P2SEL
0000001a   P3DIR
00000018   P3IN
00000019   P3OUT
00000010   P3REN
0000001b   P3SEL
0000001e   P4DIR
0000001c   P4IN
0000001d   P4OUT
00000011   P4REN
0000001f   P4SEL
000081f8   ReadADC_1_5
000081a0   ReadFibreSensor
00008320   Set_TimerB
0000836c   Start_OA1_Slow
0000835c   Stop_OA1
00000172   TACCR0
00000174   TACCR1
00000176   TACCR2
00000162   TACCTL0
00000164   TACCTL1
00000166   TACCTL2
00000160   TACTL
0000012e   TAIV
00000170   TAR
00000192   TBCCR0
00000194   TBCCR1
00000196   TBCCR2
00000182   TBCCTL0
00000184   TBCCTL1
00000186   TBCCTL2
00000180   TBCTL
0000011e   TBIV
00000190   TBR
00008000   TXData
000082ac   TXString
00008364   TimerB_ISR
0000005d   UCA0ABCTL
00000062   UCA0BR0
00000063   UCA0BR1
00000060   UCA0CTL0
00000061   UCA0CTL1
0000005f   UCA0IRRCTL
0000005e   UCA0IRTCTL
00000064   UCA0MCTL
00000066   UCA0RXBUF
00000065   UCA0STAT
00000067   UCA0TXBUF
0000006a   UCB0BR0
0000006b   UCB0BR1
00000068   UCB0CTL0
00000069   UCB0CTL1
0000006c   UCB0I2CIE
00000118   UCB0I2COA
0000011a   UCB0I2CSA
0000006e   UCB0RXBUF
0000006d   UCB0STAT
0000006f   UCB0TXBUF
0000822a   USCI_A_Init
00000200   V_fibre
00000120   WDTCTL
00000600   __STACK_END
00000050   __STACK_SIZE
00008390   __TI_CINIT_Base
00008394   __TI_CINIT_Limit
0000838e   __TI_Handler_Table_Base
00008390   __TI_Handler_Table_Limit
UNDEFED    __TI_INITARRAY_Base
UNDEFED    __TI_INITARRAY_Limit
00008372   __TI_ISR_TRAP
00000001   __TI_args_main
00000001   __TI_exit
0000ffe4   __TI_int02
0000ffe6   __TI_int03
0000ffea   __TI_int05
0000ffec   __TI_int06
0000ffee   __TI_int07
0000fff0   __TI_int08
0000fff2   __TI_int09
0000fff4   __TI_int10
0000fff8   __TI_int12
0000fffa   __TI_int13
0000fffc   __TI_int14
0000830c   __TI_zero_init
ffffffff   __binit__
ffffffff   __c_args__
000082e2   __mspabi_divu
00008350   __mspabi_func_epilog_1
0000834e   __mspabi_func_epilog_2
0000834c   __mspabi_func_epilog_3
0000834a   __mspabi_func_epilog_4
00008348   __mspabi_func_epilog_5
00008346   __mspabi_func_epilog_6
00008344   __mspabi_func_epilog_7
00008286   __mspabi_mpyl
000082e2   __mspabi_remu
00008198   __mspabi_srll_1
00008162   __mspabi_srll_10
0000815c   __mspabi_srll_11
00008156   __mspabi_srll_12
00008150   __mspabi_srll_13
0000814a   __mspabi_srll_14
00008144   __mspabi_srll_15
00008192   __mspabi_srll_2
0000818c   __mspabi_srll_3
00008186   __mspabi_srll_4
00008180   __mspabi_srll_5
0000817a   __mspabi_srll_6
00008174   __mspabi_srll_7
0000816e   __mspabi_srll_8
00008168   __mspabi_srll_9
00008088   _auto_init
000082c8   _c_int00
000082c8   _c_int00_noexit
0000fffe   _reset_vector
000005b0   _stack
00008378   _system_pre_init
0000837c   abort
ffffffff   binit
0000825a   delay
000080e6   main
00008332   memcpy


GLOBAL SYMBOLS: SORTED BY Symbol Address 

address    name
--------   ----
00000000   IE1
00000001   IE2
00000001   __TI_args_main
00000001   __TI_exit
00000002   IFG1
00000003   IFG2
00000010   P3REN
00000011   P4REN
00000018   P3IN
00000019   P3OUT
0000001a   P3DIR
0000001b   P3SEL
0000001c   P4IN
0000001d   P4OUT
0000001e   P4DIR
0000001f   P4SEL
00000020   P1IN
00000021   P1OUT
00000022   P1DIR
00000023   P1IFG
00000024   P1IES
00000025   P1IE
00000026   P1SEL
00000027   P1REN
00000028   P2IN
00000029   P2OUT
0000002a   P2DIR
0000002b   P2IFG
0000002c   P2IES
0000002d   P2IE
0000002e   P2SEL
0000002f   P2REN
00000048   ADC10DTC0
00000049   ADC10DTC1
0000004a   ADC10AE0
0000004b   ADC10AE1
00000050   __STACK_SIZE
00000053   BCSCTL3
00000056   DCOCTL
00000057   BCSCTL1
00000058   BCSCTL2
0000005d   UCA0ABCTL
0000005e   UCA0IRTCTL
0000005f   UCA0IRRCTL
00000060   UCA0CTL0
00000061   UCA0CTL1
00000062   UCA0BR0
00000063   UCA0BR1
00000064   UCA0MCTL
00000065   UCA0STAT
00000066   UCA0RXBUF
00000067   UCA0TXBUF
00000068   UCB0CTL0
00000069   UCB0CTL1
0000006a   UCB0BR0
0000006b   UCB0BR1
0000006c   UCB0I2CIE
0000006d   UCB0STAT
0000006e   UCB0RXBUF
0000006f   UCB0TXBUF
000000c0   OA0CTL0
000000c1   OA0CTL1
000000c2   OA1CTL0
000000c3   OA1CTL1
00000118   UCB0I2COA
0000011a   UCB0I2CSA
0000011e   TBIV
00000120   WDTCTL
00000128   FCTL1
0000012a   FCTL2
0000012c   FCTL3
0000012e   TAIV
00000160   TACTL
00000162   TACCTL0
00000164   TACCTL1
00000166   TACCTL2
00000170   TAR
00000172   TACCR0
00000174   TACCR1
00000176   TACCR2
00000180   TBCTL
00000182   TBCCTL0
00000184   TBCCTL1
00000186   TBCCTL2
00000190   TBR
00000192   TBCCR0
00000194   TBCCR1
00000196   TBCCR2
000001b0   ADC10CTL0
000001b2   ADC10CTL1
000001b4   ADC10MEM
000001bc   ADC10SA
00000200   V_fibre
000005b0   _stack
00000600   __STACK_END
000010f8   CALDCO_16MHZ
000010f9   CALBC1_16MHZ
000010fa   CALDCO_12MHZ
000010fb   CALBC1_12MHZ
000010fc   CALDCO_8MHZ
000010fd   CALBC1_8MHZ
000010fe   CALDCO_1MHZ
000010ff   CALBC1_1MHZ
00008000   TXData
00008088   _auto_init
000080e6   main
00008144   __mspabi_srll_15
0000814a   __mspabi_srll_14
00008150   __mspabi_srll_13
00008156   __mspabi_srll_12
0000815c   __mspabi_srll_11
00008162   __mspabi_srll_10
00008168   __mspabi_srll_9
0000816e   __mspabi_srll_8
00008174   __mspabi_srll_7
0000817a   __mspabi_srll_6
00008180   __mspabi_srll_5
00008186   __mspabi_srll_4
0000818c   __mspabi_srll_3
00008192   __mspabi_srll_2
00008198   __mspabi_srll_1
000081a0   ReadFibreSensor
000081f8   ReadADC_1_5
0000822a   USCI_A_Init
0000825a   delay
00008286   __mspabi_mpyl
000082ac   TXString
000082c8   _c_int00
000082c8   _c_int00_noexit
000082e2   __mspabi_divu
000082e2   __mspabi_remu
000082f8   OA1_Config
0000830c   __TI_zero_init
00008320   Set_TimerB
00008332   memcpy
00008344   __mspabi_func_epilog_7
00008346   __mspabi_func_epilog_6
00008348   __mspabi_func_epilog_5
0000834a   __mspabi_func_epilog_4
0000834c   __mspabi_func_epilog_3
0000834e   __mspabi_func_epilog_2
00008350   __mspabi_func_epilog_1
00008354   ADC10_ISR
0000835c   Stop_OA1
00008364   TimerB_ISR
0000836c   Start_OA1_Slow
00008372   __TI_ISR_TRAP
00008378   _system_pre_init
0000837c   C$$EXIT
0000837c   abort
0000838e   __TI_Handler_Table_Base
00008390   __TI_CINIT_Base
00008390   __TI_Handler_Table_Limit
00008394   __TI_CINIT_Limit
0000ffe4   __TI_int02
0000ffe6   __TI_int03
0000ffea   __TI_int05
0000ffec   __TI_int06
0000ffee   __TI_int07
0000fff0   __TI_int08
0000fff2   __TI_int09
0000fff4   __TI_int10
0000fff8   __TI_int12
0000fffa   __TI_int13
0000fffc   __TI_int14
0000fffe   _reset_vector
ffffffff   __binit__
ffffffff   __c_args__
ffffffff   binit
UNDEFED    __TI_INITARRAY_Base
UNDEFED    __TI_INITARRAY_Limit

[171 symbols]
